Java HotSpot(TM) 64-Bit Server VM (25.161-b12) for windows-amd64 JRE (1.8.0_161-b12), built on Dec 19 2017 17:52:25 by "java_re" with MS VC++ 10.0 (VS2010)
Memory: 4k page, physical 16683576k(6782792k free), swap 24285752k(6386668k free)
CommandLine flags: -XX:InitialHeapSize=1073741824 -XX:MaxHeapSize=1073741824 -XX:+PrintGC -XX:+PrintGCTimeStamps -XX:+UseCompressedClassPointers -XX:+UseCompressedOops -XX:+UseG1GC -XX:-UseLargePagesIndividualAllocation 
0.203: [GC pause (G1 Evacuation Pause) (young) 65M->24M(1024M), 0.0039380 secs]
0.219: [GC pause (G1 Evacuation Pause) (young) 77M->41M(1024M), 0.0039817 secs]
0.236: [GC pause (G1 Evacuation Pause) (young) 94M->58M(1024M), 0.0038044 secs]
0.255: [GC pause (G1 Evacuation Pause) (young) 116M->74M(1024M), 0.0029387 secs]
0.276: [GC pause (G1 Evacuation Pause) (young) 149M->97M(1024M), 0.0041673 secs]
0.301: [GC pause (G1 Evacuation Pause) (young) 189M->126M(1024M), 0.0061240 secs]
0.411: [GC pause (G1 Evacuation Pause) (young) 325M->179M(1024M), 0.0095841 secs]
0.442: [GC pause (G1 Evacuation Pause) (young) 298M->213M(1024M), 0.0076657 secs]
0.483: [GC pause (G1 Evacuation Pause) (young) 377M->255M(1024M), 0.0078228 secs]
0.575: [GC pause (G1 Evacuation Pause) (young) 532M->327M(1024M), 0.0139856 secs]
0.679: [GC pause (G1 Evacuation Pause) (young) 699M->417M(1024M), 0.0179650 secs]
0.711: [GC pause (G1 Humongous Allocation) (young) (initial-mark) 516M->448M(1024M), 0.0081898 secs]
0.719: [GC concurrent-root-region-scan-start]
0.719: [GC concurrent-root-region-scan-end, 0.0001064 secs]
0.719: [GC concurrent-mark-start]
0.724: [GC concurrent-mark-end, 0.0047883 secs]
0.724: [GC remark, 0.0012120 secs]
0.726: [GC cleanup 479M->464M(1024M), 0.0004560 secs]
0.726: [GC concurrent-cleanup-start]
0.726: [GC concurrent-cleanup-end, 0.0000140 secs]
0.802: [GC pause (G1 Evacuation Pause) (young)-- 829M->532M(1024M), 0.0154612 secs]
0.819: [GC pause (G1 Evacuation Pause) (mixed) 543M->456M(1024M), 0.0083551 secs]
0.837: [GC pause (G1 Evacuation Pause) (mixed) 519M->458M(1024M), 0.0036912 secs]
0.841: [GC pause (G1 Humongous Allocation) (young) (initial-mark) 459M->459M(1024M), 0.0013259 secs]
0.843: [GC concurrent-root-region-scan-start]
0.843: [GC concurrent-root-region-scan-end, 0.0000926 secs]
0.843: [GC concurrent-mark-start]
0.847: [GC concurrent-mark-end, 0.0043614 secs]
0.847: [GC remark, 0.0012874 secs]
0.849: [GC cleanup 484M->481M(1024M), 0.0003830 secs]
0.849: [GC concurrent-cleanup-start]
0.849: [GC concurrent-cleanup-end, 0.0000074 secs]
0.901: [GC pause (G1 Evacuation Pause) (young)-- 844M->648M(1024M), 0.0082733 secs]
0.912: [GC pause (G1 Evacuation Pause) (mixed) 664M->577M(1024M), 0.0080797 secs]
0.928: [GC pause (G1 Evacuation Pause) (mixed) 635M->588M(1024M), 0.0035611 secs]
0.932: [GC pause (G1 Humongous Allocation) (young) (initial-mark) 590M->587M(1024M), 0.0016826 secs]
0.934: [GC concurrent-root-region-scan-start]
0.934: [GC concurrent-root-region-scan-end, 0.0001554 secs]
0.934: [GC concurrent-mark-start]
0.939: [GC concurrent-mark-end, 0.0048497 secs]
0.939: [GC remark, 0.0013689 secs]
0.941: [GC cleanup 625M->611M(1024M), 0.0004794 secs]
0.941: [GC concurrent-cleanup-start]
0.941: [GC concurrent-cleanup-end, 0.0000148 secs]
0.973: [GC pause (G1 Evacuation Pause) (young) 841M->642M(1024M), 0.0083020 secs]
0.987: [GC pause (G1 Evacuation Pause) (mixed) 679M->557M(1024M), 0.0053261 secs]
1.001: [GC pause (G1 Evacuation Pause) (mixed) 608M->499M(1024M), 0.0067355 secs]
1.016: [GC pause (G1 Evacuation Pause) (mixed) 552M->494M(1024M), 0.0043076 secs]
1.021: [GC pause (G1 Humongous Allocation) (young) (initial-mark) 502M->496M(1024M), 0.0017232 secs]
1.023: [GC concurrent-root-region-scan-start]
1.023: [GC concurrent-root-region-scan-end, 0.0001153 secs]
1.023: [GC concurrent-mark-start]
1.028: [GC concurrent-mark-end, 0.0048746 secs]
1.028: [GC remark, 0.0013897 secs]
1.030: [GC cleanup 525M->521M(1024M), 0.0004417 secs]
1.030: [GC concurrent-cleanup-start]
1.030: [GC concurrent-cleanup-end, 0.0000077 secs]
1.084: [GC pause (G1 Evacuation Pause) (young)-- 852M->692M(1024M), 0.0073650 secs]
1.094: [GC pause (G1 Evacuation Pause) (mixed) 711M->628M(1024M), 0.0088993 secs]
1.111: [GC pause (G1 Evacuation Pause) (mixed) 684M->633M(1024M), 0.0044008 secs]
1.116: [GC pause (G1 Humongous Allocation) (young) (initial-mark) 634M->633M(1024M), 0.0013687 secs]
1.117: [GC concurrent-root-region-scan-start]
1.117: [GC concurrent-root-region-scan-end, 0.0000953 secs]
1.117: [GC concurrent-mark-start]
1.122: [GC concurrent-mark-end, 0.0048985 secs]
1.122: [GC remark, 0.0020288 secs]
1.125: [GC cleanup 672M->656M(1024M), 0.0004510 secs]
1.125: [GC concurrent-cleanup-start]
1.125: [GC concurrent-cleanup-end, 0.0000141 secs]
1.152: [GC pause (G1 Evacuation Pause) (young) 841M->665M(1024M), 0.0074601 secs]
