Java HotSpot(TM) 64-Bit Server VM (25.161-b12) for windows-amd64 JRE (1.8.0_161-b12), built on Dec 19 2017 17:52:25 by "java_re" with MS VC++ 10.0 (VS2010)
Memory: 4k page, physical 16683576k(8473852k free), swap 24285752k(9632652k free)
CommandLine flags: -XX:InitialHeapSize=268435456 -XX:MaxHeapSize=268435456 -XX:+PrintGC -XX:+PrintGCTimeStamps -XX:+UseCompressedClassPointers -XX:+UseCompressedOops -XX:+UseG1GC -XX:-UseLargePagesIndividualAllocation 
0.154: [GC pause (G1 Evacuation Pause) (young) 19M->7831K(256M), 0.0020549 secs]
0.165: [GC pause (G1 Evacuation Pause) (young) 23M->14M(256M), 0.0018788 secs]
0.178: [GC pause (G1 Evacuation Pause) (young) 38M->22M(256M), 0.0018892 secs]
0.195: [GC pause (G1 Evacuation Pause) (young) 58M->40M(256M), 0.0031506 secs]
0.214: [GC pause (G1 Evacuation Pause) (young) 87M->55M(256M), 0.0030352 secs]
0.238: [GC pause (G1 Evacuation Pause) (young) 118M->76M(256M), 0.0053032 secs]
0.270: [GC pause (G1 Evacuation Pause) (young) 160M->108M(256M), 0.0052990 secs]
0.276: [GC pause (G1 Humongous Allocation) (young) (initial-mark) 111M->108M(256M), 0.0013609 secs]
0.278: [GC concurrent-root-region-scan-start]
0.278: [GC concurrent-root-region-scan-end, 0.0000976 secs]
0.278: [GC concurrent-mark-start]
0.280: [GC concurrent-mark-end, 0.0019798 secs]
0.280: [GC remark, 0.0008425 secs]
0.281: [GC cleanup 113M->113M(256M), 0.0001920 secs]
0.302: [GC pause (G1 Evacuation Pause) (young)-- 206M->154M(256M), 0.0041437 secs]
0.307: [GC pause (G1 Evacuation Pause) (mixed) 160M->152M(256M), 0.0020240 secs]
0.309: [GC pause (G1 Humongous Allocation) (young) (initial-mark) 154M->152M(256M), 0.0006226 secs]
0.310: [GC concurrent-root-region-scan-start]
0.310: [GC concurrent-root-region-scan-end, 0.0000619 secs]
0.310: [GC concurrent-mark-start]
0.312: [GC concurrent-mark-end, 0.0022550 secs]
0.312: [GC remark, 0.0008626 secs]
0.313: [GC cleanup 166M->165M(256M), 0.0001917 secs]
0.314: [GC concurrent-cleanup-start]
0.314: [GC concurrent-cleanup-end, 0.0000063 secs]
0.320: [GC pause (G1 Evacuation Pause) (young) 208M->170M(256M), 0.0023335 secs]
0.323: [GC pause (G1 Evacuation Pause) (mixed) 178M->152M(256M), 0.0021109 secs]
0.327: [GC pause (G1 Evacuation Pause) (mixed) 165M->155M(256M), 0.0013233 secs]
0.329: [GC pause (G1 Humongous Allocation) (young) (initial-mark) 157M->156M(256M), 0.0007283 secs]
0.329: [GC concurrent-root-region-scan-start]
0.330: [GC concurrent-root-region-scan-end, 0.0001079 secs]
0.330: [GC concurrent-mark-start]
0.332: [GC concurrent-mark-end, 0.0023841 secs]
0.332: [GC remark, 0.0010468 secs]
0.333: [GC cleanup 175M->175M(256M), 0.0002320 secs]
0.337: [GC pause (G1 Evacuation Pause) (young) 200M->172M(256M), 0.0020525 secs]
0.341: [GC pause (G1 Evacuation Pause) (mixed) 181M->170M(256M), 0.0021252 secs]
0.344: [GC pause (G1 Humongous Allocation) (young) (initial-mark) 173M->171M(256M), 0.0007733 secs]
0.345: [GC concurrent-root-region-scan-start]
0.345: [GC concurrent-root-region-scan-end, 0.0000740 secs]
0.345: [GC concurrent-mark-start]
0.347: [GC concurrent-mark-end, 0.0024928 secs]
0.347: [GC remark, 0.0011829 secs]
0.349: [GC cleanup 178M->177M(256M), 0.0002751 secs]
0.349: [GC concurrent-cleanup-start]
0.349: [GC concurrent-cleanup-end, 0.0000065 secs]
0.352: [GC pause (G1 Evacuation Pause) (young) 195M->180M(256M), 0.0019277 secs]
0.355: [GC pause (G1 Evacuation Pause) (mixed) 190M->179M(256M), 0.0022018 secs]
0.357: [GC pause (G1 Humongous Allocation) (young) (initial-mark) 179M->179M(256M), 0.0005548 secs]
0.358: [GC concurrent-root-region-scan-start]
0.358: [GC concurrent-root-region-scan-end, 0.0000040 secs]
0.358: [GC concurrent-mark-start]
0.360: [GC concurrent-mark-end, 0.0024155 secs]
0.360: [GC remark, 0.0009621 secs]
0.361: [GC cleanup 195M->195M(256M), 0.0002525 secs]
0.363: [GC pause (G1 Evacuation Pause) (young) 201M->184M(256M), 0.0014408 secs]
0.366: [GC pause (G1 Evacuation Pause) (mixed) 196M->181M(256M), 0.0023233 secs]
0.369: [GC pause (G1 Humongous Allocation) (young) (initial-mark) 186M->182M(256M), 0.0009852 secs]
0.371: [GC concurrent-root-region-scan-start]
0.371: [GC concurrent-root-region-scan-end, 0.0000948 secs]
0.371: [GC concurrent-mark-start]
0.373: [GC pause (G1 Evacuation Pause) (young) 197M->185M(256M), 0.0012992 secs]
0.374: [GC concurrent-mark-end, 0.0037100 secs]
0.375: [GC remark, 0.0009419 secs]
0.376: [GC cleanup 188M->188M(256M), 0.0001863 secs]
0.377: [GC pause (G1 Evacuation Pause) (young) 197M->188M(256M), 0.0012859 secs]
0.382: [GC pause (G1 Evacuation Pause) (mixed) 200M->190M(256M), 0.0019823 secs]
0.384: [GC pause (G1 Humongous Allocation) (young) (initial-mark) 191M->190M(256M), 0.0009768 secs]
0.385: [GC concurrent-root-region-scan-start]
0.385: [GC concurrent-root-region-scan-end, 0.0001268 secs]
0.385: [GC concurrent-mark-start]
0.387: [GC pause (G1 Evacuation Pause) (young) 205M->194M(256M), 0.0010377 secs]
0.389: [GC concurrent-mark-end, 0.0036682 secs]
0.389: [GC remark, 0.0013166 secs]
0.390: [GC cleanup 198M->198M(256M), 0.0002158 secs]
0.392: [GC pause (G1 Evacuation Pause) (young) 205M->196M(256M), 0.0009699 secs]
0.395: [GC pause (G1 Evacuation Pause) (mixed)-- 210M->198M(256M), 0.0027508 secs]
0.399: [GC pause (G1 Humongous Allocation) (young) (initial-mark) 208M->202M(256M), 0.0012122 secs]
0.400: [GC concurrent-root-region-scan-start]
0.400: [GC concurrent-root-region-scan-end, 0.0000170 secs]
0.400: [GC concurrent-mark-start]
0.402: [GC pause (G1 Evacuation Pause) (young) 215M->207M(256M), 0.0011777 secs]
0.404: [GC concurrent-mark-end, 0.0038594 secs]
0.404: [GC remark, 0.0009724 secs]
0.405: [GC cleanup 214M->214M(256M), 0.0001959 secs]
0.406: [GC pause (G1 Evacuation Pause) (young)-- 219M->216M(256M), 0.0008774 secs]
0.408: [GC pause (G1 Humongous Allocation) (mixed)-- 221M->221M(256M), 0.0006019 secs]
0.408: [Full GC (Allocation Failure)  221M->185M(256M), 0.0229843 secs]
0.432: [GC pause (G1 Humongous Allocation) (young) (initial-mark) 191M->186M(256M), 0.0009634 secs]
0.433: [GC concurrent-root-region-scan-start]
0.433: [GC concurrent-root-region-scan-end, 0.0000647 secs]
0.433: [GC concurrent-mark-start]
0.436: [GC pause (G1 Evacuation Pause) (young) 199M->189M(256M), 0.0014010 secs]
0.438: [GC concurrent-mark-end, 0.0040973 secs]
0.438: [GC remark, 0.0015393 secs]
0.441: [GC cleanup 194M->194M(256M), 0.0002871 secs]
0.443: [GC pause (G1 Evacuation Pause) (young)-- 201M->197M(256M), 0.0010961 secs]
0.444: [GC pause (G1 Humongous Allocation) (young) (initial-mark) 198M->197M(256M), 0.0008015 secs]
0.445: [GC concurrent-root-region-scan-start]
0.445: [GC concurrent-root-region-scan-end, 0.0000730 secs]
0.445: [GC concurrent-mark-start]
0.446: [GC pause (G1 Humongous Allocation) (young)-- 203M->202M(256M), 0.0008693 secs]
0.447: [GC pause (G1 Humongous Allocation) (young)-- 203M->203M(256M), 0.0005216 secs]
0.448: [Full GC (Allocation Failure)  203M->191M(256M), 0.0210911 secs]
0.469: [GC concurrent-mark-abort]
0.469: [GC pause (G1 Humongous Allocation) (young) (initial-mark) 193M->192M(256M), 0.0008687 secs]
0.470: [GC concurrent-root-region-scan-start]
0.470: [GC concurrent-root-region-scan-end, 0.0000793 secs]
0.470: [GC concurrent-mark-start]
0.472: [GC pause (G1 Evacuation Pause) (young)-- 201M->200M(256M), 0.0007292 secs]
0.473: [GC pause (G1 Evacuation Pause) (young)-- 202M->202M(256M), 0.0003982 secs]
0.474: [Full GC (Allocation Failure)  202M->195M(256M), 0.0215719 secs]
0.495: [GC concurrent-mark-abort]
0.496: [GC pause (G1 Humongous Allocation) (young) (initial-mark)-- 201M->202M(256M), 0.0005742 secs]
0.497: [GC concurrent-root-region-scan-start]
0.497: [GC pause (G1 Humongous Allocation) (young)0.497: [GC concurrent-root-region-scan-end, 0.0000674 secs]
0.497: [GC concurrent-mark-start]
-- 202M->202M(256M), 0.0004243 secs]
0.497: [Full GC (Allocation Failure)  202M->195M(256M), 0.0155358 secs]
0.513: [GC concurrent-mark-abort]
0.513: [GC pause (G1 Humongous Allocation) (young) (initial-mark) 197M->196M(256M), 0.0005030 secs]
0.514: [GC concurrent-root-region-scan-start]
0.514: [GC concurrent-root-region-scan-end, 0.0000757 secs]
0.514: [GC concurrent-mark-start]
0.514: [GC pause (G1 Evacuation Pause) (young)-- 199M->199M(256M), 0.0005428 secs]
0.515: [Full GC (Allocation Failure)  199M->198M(256M), 0.0059686 secs]
0.521: [GC concurrent-mark-abort]
0.521: [GC pause (G1 Humongous Allocation) (young) (initial-mark) 198M->198M(256M), 0.0004433 secs]
0.521: [GC concurrent-root-region-scan-start]
0.521: [GC concurrent-root-region-scan-end, 0.0000037 secs]
0.521: [GC concurrent-mark-start]
0.522: [GC pause (G1 Humongous Allocation) (young)-- 200M->200M(256M), 0.0004769 secs]
0.522: [GC pause (G1 Evacuation Pause) (young) 200M->200M(256M), 0.0004851 secs]
0.523: [GC pause (G1 Evacuation Pause) (young) 200M->200M(256M), 0.0004117 secs]
0.523: [Full GC (Allocation Failure)  200M->199M(256M), 0.0042358 secs]
0.528: [GC concurrent-mark-abort]
0.528: [GC pause (G1 Evacuation Pause) (young)-- 200M->199M(256M), 0.0005456 secs]
0.529: [GC pause (G1 Humongous Allocation) (young) (initial-mark)-- 200M->200M(256M), 0.0005005 secs]
0.529: [GC concurrent-root-region-scan-start]
0.529: [GC concurrent-root-region-scan-end, 0.0000036 secs]
0.529: [GC concurrent-mark-start]
0.530: [GC pause (G1 Humongous Allocation) (young) 200M->200M(256M), 0.0004396 secs]
0.531: [Full GC (Allocation Failure)  200M->198M(256M), 0.0231431 secs]
0.554: [GC concurrent-mark-abort]
0.554: [GC pause (G1 Evacuation Pause) (young)-- 199M->198M(256M), 0.0005834 secs]
0.555: [GC pause (G1 Evacuation Pause) (young) (initial-mark)-- 200M->199M(256M), 0.0004689 secs]
0.555: [GC concurrent-root-region-scan-start]
0.555: [GC concurrent-root-region-scan-end, 0.0000038 secs]
0.555: [GC concurrent-mark-start]
0.556: [GC pause (G1 Evacuation Pause) (young)-- 200M->200M(256M), 0.0004593 secs]
0.556: [Full GC (Allocation Failure)  200M->198M(256M), 0.0208557 secs]
0.577: [GC concurrent-mark-abort]
0.577: [GC pause (G1 Humongous Allocation) (young) (initial-mark)-- 199M->199M(256M), 0.0005183 secs]
0.578: [GC concurrent-root-region-scan-start]
0.578: [GC concurrent-root-region-scan-end, 0.0000039 secs]
0.578: [GC concurrent-mark-start]
0.578: [GC pause (G1 Evacuation Pause) (young) 200M->200M(256M), 0.0005304 secs]
0.579: [GC pause (G1 Evacuation Pause) (young) 200M->200M(256M), 0.0004268 secs]
0.579: [Full GC (Allocation Failure)  200M->199M(256M), 0.0032057 secs]
0.583: [GC concurrent-mark-abort]
0.583: [GC pause (G1 Evacuation Pause) (young)-- 200M->200M(256M), 0.0004644 secs]
0.583: [Full GC (Allocation Failure)  200M->198M(256M), 0.0053584 secs]
0.589: [GC pause (G1 Humongous Allocation) (young) (initial-mark) 198M->198M(256M), 0.0004972 secs]
0.589: [GC concurrent-root-region-scan-start]
0.589: [GC concurrent-root-region-scan-end, 0.0000041 secs]
0.589: [GC concurrent-mark-start]
0.590: [GC pause (G1 Evacuation Pause) (young)-- 200M->199M(256M), 0.0006631 secs]
0.591: [GC pause (G1 Evacuation Pause) (young)-- 200M->200M(256M), 0.0013563 secs]
0.592: [Full GC (Allocation Failure)  200M->198M(256M), 0.0142273 secs]
0.607: [GC concurrent-mark-abort]
0.607: [GC pause (G1 Humongous Allocation) (young) (initial-mark) 199M->199M(256M), 0.0004572 secs]
0.607: [GC concurrent-root-region-scan-start]
0.607: [GC concurrent-root-region-scan-end, 0.0000136 secs]
0.607: [GC concurrent-mark-start]
0.608: [GC pause (G1 Evacuation Pause) (young)-- 200M->200M(256M), 0.0005513 secs]
0.609: [GC pause (G1 Evacuation Pause) (young)-- 201M->201M(256M), 0.0004476 secs]
0.609: [Full GC (Allocation Failure)  201M->198M(256M), 0.0093446 secs]
0.619: [GC concurrent-mark-abort]
0.619: [GC pause (G1 Evacuation Pause) (young)-- 201M->201M(256M), 0.0004944 secs]
0.620: [Full GC (Allocation Failure)  201M->199M(256M), 0.0041605 secs]
0.624: [GC pause (G1 Humongous Allocation) (young) (initial-mark) 199M->199M(256M), 0.0004965 secs]
0.625: [GC concurrent-root-region-scan-start]
0.625: [GC concurrent-root-region-scan-end, 0.0000152 secs]
0.625: [GC concurrent-mark-start]
0.625: [GC pause (G1 Evacuation Pause) (young)-- 201M->200M(256M), 0.0005405 secs]
0.626: [GC pause (G1 Evacuation Pause) (young)-- 201M->201M(256M), 0.0004875 secs]
0.627: [Full GC (Allocation Failure)  201M->199M(256M), 0.0109701 secs]
0.638: [GC concurrent-mark-abort]
0.638: [GC pause (G1 Humongous Allocation) (young) (initial-mark)-- 201M->201M(256M), 0.0004703 secs]
0.638: [GC concurrent-root-region-scan-start]
0.638: [GC concurrent-root-region-scan-end, 0.0000036 secs]
0.638: [GC concurrent-mark-start]
0.638: [GC pause (G1 Humongous Allocation) (young) 201M->201M(256M), 0.0003946 secs]
0.639: [Full GC (Allocation Failure)  201M->200M(256M), 0.0032420 secs]
0.642: [GC concurrent-mark-abort]
0.642: [GC pause (G1 Humongous Allocation) (young) (initial-mark) 201M->200M(256M), 0.0005853 secs]
0.643: [GC concurrent-root-region-scan-start]
0.643: [GC concurrent-root-region-scan-end, 0.0000037 secs]
0.643: [GC concurrent-mark-start]
0.643: [GC pause (G1 Evacuation Pause) (young)-- 202M->202M(256M), 0.0004920 secs]
0.644: [Full GC (Allocation Failure)  202M->201M(256M), 0.0033775 secs]
0.647: [Full GC (Allocation Failure)  201M->201M(256M), 0.0033281 secs]
0.651: [GC concurrent-mark-abort]
0.651: [GC pause (G1 Evacuation Pause) (young) 201M->201M(256M), 0.0004359 secs]
0.651: [GC pause (G1 Evacuation Pause) (young) (initial-mark) 201M->201M(256M), 0.0004051 secs]
0.652: [GC concurrent-root-region-scan-start]
0.652: [GC concurrent-root-region-scan-end, 0.0000035 secs]
0.652: [GC concurrent-mark-start]
0.652: [Full GC (Allocation Failure)  201M->707K(256M), 0.0028874 secs]
0.655: [GC concurrent-mark-abort]
