Java HotSpot(TM) 64-Bit Server VM (25.161-b12) for windows-amd64 JRE (1.8.0_161-b12), built on Dec 19 2017 17:52:25 by "java_re" with MS VC++ 10.0 (VS2010)
Memory: 4k page, physical 16683576k(6844696k free), swap 24285752k(6474480k free)
CommandLine flags: -XX:InitialHeapSize=1073741824 -XX:MaxHeapSize=1073741824 -XX:+PrintGC -XX:+PrintGCTimeStamps -XX:+UseCompressedClassPointers -XX:+UseCompressedOops -XX:-UseLargePagesIndividualAllocation -XX:+UseParallelGC 
0.304: [GC (Allocation Failure)  262144K->74171K(1005056K), 0.0235060 secs]
0.365: [GC (Allocation Failure)  336315K->151416K(1005056K), 0.0253644 secs]
0.427: [GC (Allocation Failure)  413560K->222612K(1005056K), 0.0234287 secs]
0.489: [GC (Allocation Failure)  484756K->296792K(1005056K), 0.0241236 secs]
0.552: [GC (Allocation Failure)  558936K->369533K(1005056K), 0.0275140 secs]
0.614: [GC (Allocation Failure)  631677K->438758K(859648K), 0.0270335 secs]
0.657: [GC (Allocation Failure)  555412K->475188K(932352K), 0.0121708 secs]
0.686: [GC (Allocation Failure)  591924K->506001K(932352K), 0.0178033 secs]
0.720: [GC (Allocation Failure)  622608K->534887K(932352K), 0.0172108 secs]
0.754: [GC (Allocation Failure)  651623K->563961K(932352K), 0.0226256 secs]
0.795: [GC (Allocation Failure)  680697K->599139K(932352K), 0.0236694 secs]
0.835: [GC (Allocation Failure)  715835K->634862K(932352K), 0.0151564 secs]
0.850: [Full GC (Ergonomics)  634862K->328882K(932352K), 0.0509004 secs]
0.917: [GC (Allocation Failure)  445618K->372641K(932352K), 0.0056514 secs]
0.938: [GC (Allocation Failure)  489377K->411097K(932352K), 0.0125068 secs]
0.967: [GC (Allocation Failure)  527833K->448776K(932352K), 0.0099179 secs]
0.993: [GC (Allocation Failure)  565512K->477994K(932352K), 0.0091431 secs]
1.018: [GC (Allocation Failure)  594730K->511596K(932352K), 0.0093805 secs]
1.044: [GC (Allocation Failure)  628332K->540846K(932352K), 0.0087236 secs]
1.068: [GC (Allocation Failure)  657582K->580110K(932352K), 0.0092674 secs]
1.092: [GC (Allocation Failure)  696846K->618209K(932352K), 0.0099700 secs]
1.118: [GC (Allocation Failure)  734585K->654004K(932352K), 0.0119766 secs]
